{"test/fixtures/scripts.js":[{"raw":"TODO: test */","prefix":"TODO","comment":" test */"},{"raw":"TODO: 2nd */","prefix":"TODO","comment":" 2nd */"}]}